// Vitest Snapshot v1, https://vitest.dev/guide/snapshot.html

exports[`inputBase > should render correctly 1`] = `"<input class="placeholder:text-muted-foreground py-1/2 h-full min-w-[120px] flex-1 px-2 focus:outline-0" type="text" placeholder="mockPlaceholder">"`;
