// Vitest Snapshot v1, https://vitest.dev/guide/snapshot.html

exports[`spinner > should render correctly 1`] = `"<span data-v-bc6d31ca="" class="relative flex size-5 items-center justify-center" aria-label="Loading"><span data-v-bc6d31ca="" class="spinner-line transform-[rotate(var(--line-rotation))_translate(125%)] absolute block h-[12%] w-1/3 rounded-[1px] bg-primary-foreground" style="--line-rotation: 0.00001deg; --line-delay: -1.00s;"></span><span data-v-bc6d31ca="" class="spinner-line transform-[rotate(var(--line-rotation))_translate(125%)] absolute block h-[12%] w-1/3 rounded-[1px] bg-primary-foreground" style="--line-rotation: 36deg; --line-delay: -0.90s;"></span><span data-v-bc6d31ca="" class="spinner-line transform-[rotate(var(--line-rotation))_translate(125%)] absolute block h-[12%] w-1/3 rounded-[1px] bg-primary-foreground" style="--line-rotation: 72deg; --line-delay: -0.80s;"></span><span data-v-bc6d31ca="" class="spinner-line transform-[rotate(var(--line-rotation))_translate(125%)] absolute block h-[12%] w-1/3 rounded-[1px] bg-primary-foreground" style="--line-rotation: 108deg; --line-delay: -0.70s;"></span><span data-v-bc6d31ca="" class="spinner-line transform-[rotate(var(--line-rotation))_translate(125%)] absolute block h-[12%] w-1/3 rounded-[1px] bg-primary-foreground" style="--line-rotation: 144deg; --line-delay: -0.60s;"></span><span data-v-bc6d31ca="" class="spinner-line transform-[rotate(var(--line-rotation))_translate(125%)] absolute block h-[12%] w-1/3 rounded-[1px] bg-primary-foreground" style="--line-rotation: 180deg; --line-delay: -0.50s;"></span><span data-v-bc6d31ca="" class="spinner-line transform-[rotate(var(--line-rotation))_translate(125%)] absolute block h-[12%] w-1/3 rounded-[1px] bg-primary-foreground" style="--line-rotation: 216deg; --line-delay: -0.40s;"></span><span data-v-bc6d31ca="" class="spinner-line transform-[rotate(var(--line-rotation))_translate(125%)] absolute block h-[12%] w-1/3 rounded-[1px] bg-primary-foreground" style="--line-rotation: 252deg; --line-delay: -0.30s;"></span><span data-v-bc6d31ca="" class="spinner-line transform-[rotate(var(--line-rotation))_translate(125%)] absolute block h-[12%] w-1/3 rounded-[1px] bg-primary-foreground" style="--line-rotation: 288deg; --line-delay: -0.20s;"></span><span data-v-bc6d31ca="" class="spinner-line transform-[rotate(var(--line-rotation))_translate(125%)] absolute block h-[12%] w-1/3 rounded-[1px] bg-primary-foreground" style="--line-rotation: 324deg; --line-delay: -0.10s;"></span></span>"`;
