// Vitest Snapshot v1, https://vitest.dev/guide/snapshot.html

exports[`button > outline > should render an outline button 1`] = `"<button class="border-2 px-2.5 py-1.5 text-sm font-semibold focus:outline-none focus-visible:ring-2 focus-visible:ring-offset-2 border-blue-500 text-blue-500 hover:bg-blue-50 active:bg-blue-100">Hello</button>"`;

exports[`button > solid > should render a solid button 1`] = `"<button class="border-2 px-2.5 py-1.5 text-sm font-semibold focus:outline-none focus-visible:ring-2 focus-visible:ring-offset-2 border-transparent bg-blue-500 text-white hover:bg-blue-600 active:bg-blue-700">Hello</button>"`;
